------------------------------------------------------------
TimeQuest Timing Analyzer Summary
------------------------------------------------------------

Type  : Slow 1200mV 85C Model Setup 'CLOCK_50'
Slack : 17.025
TNS   : 0.000

Type  : Slow 1200mV 85C Model Setup 'VGA|mypll|altpll_component|pll|clk[0]'
Slack : 33.265
TNS   : 0.000

Type  : Slow 1200mV 85C Model Hold 'CLOCK_50'
Slack : 0.387
TNS   : 0.000

Type  : Slow 1200mV 85C Model Hold 'VGA|mypll|altpll_component|pll|clk[0]'
Slack : 0.402
TNS   : 0.000

Type  : Slow 1200mV 85C Model Minimum Pulse Width 'CLOCK_50'
Slack : 9.623
TNS   : 0.000

Type  : Slow 1200mV 85C Model Minimum Pulse Width 'VGA|mypll|altpll_component|pll|clk[0]'
Slack : 19.710
TNS   : 0.000

Type  : Slow 1200mV 0C Model Setup 'CLOCK_50'
Slack : 17.250
TNS   : 0.000

Type  : Slow 1200mV 0C Model Setup 'VGA|mypll|altpll_component|pll|clk[0]'
Slack : 33.864
TNS   : 0.000

Type  : Slow 1200mV 0C Model Hold 'CLOCK_50'
Slack : 0.354
TNS   : 0.000

Type  : Slow 1200mV 0C Model Hold 'VGA|mypll|altpll_component|pll|clk[0]'
Slack : 0.354
TNS   : 0.000

Type  : Slow 1200mV 0C Model Minimum Pulse Width 'CLOCK_50'
Slack : 9.648
TNS   : 0.000

Type  : Slow 1200mV 0C Model Minimum Pulse Width 'VGA|mypll|altpll_component|pll|clk[0]'
Slack : 19.710
TNS   : 0.000

Type  : Fast 1200mV 0C Model Setup 'CLOCK_50'
Slack : 18.450
TNS   : 0.000

Type  : Fast 1200mV 0C Model Setup 'VGA|mypll|altpll_component|pll|clk[0]'
Slack : 36.728
TNS   : 0.000

Type  : Fast 1200mV 0C Model Hold 'CLOCK_50'
Slack : 0.169
TNS   : 0.000

Type  : Fast 1200mV 0C Model Hold 'VGA|mypll|altpll_component|pll|clk[0]'
Slack : 0.181
TNS   : 0.000

Type  : Fast 1200mV 0C Model Minimum Pulse Width 'CLOCK_50'
Slack : 9.371
TNS   : 0.000

Type  : Fast 1200mV 0C Model Minimum Pulse Width 'VGA|mypll|altpll_component|pll|clk[0]'
Slack : 19.753
TNS   : 0.000

------------------------------------------------------------
