------------------------------------------------------------
TimeQuest Timing Analyzer Summary
------------------------------------------------------------

Type  : Slow 1200mV 85C Model Setup 'CLOCK_50'
Slack : -8.045
TNS   : -684.040

Type  : Slow 1200mV 85C Model Setup 'datapath:bee0_data|writeEn'
Slack : -7.230
TNS   : -118.181

Type  : Slow 1200mV 85C Model Setup 'rate_divider:bee0_rd|count[0]'
Slack : -0.772
TNS   : -8.757

Type  : Slow 1200mV 85C Model Setup 'VGA|mypll|altpll_component|pll|clk[0]'
Slack : 33.141
TNS   : 0.000

Type  : Slow 1200mV 85C Model Hold 'rate_divider:bee0_rd|count[0]'
Slack : -0.874
TNS   : -8.605

Type  : Slow 1200mV 85C Model Hold 'CLOCK_50'
Slack : 0.385
TNS   : 0.000

Type  : Slow 1200mV 85C Model Hold 'VGA|mypll|altpll_component|pll|clk[0]'
Slack : 0.403
TNS   : 0.000

Type  : Slow 1200mV 85C Model Hold 'datapath:bee0_data|writeEn'
Slack : 0.571
TNS   : 0.000

Type  : Slow 1200mV 85C Model Minimum Pulse Width 'rate_divider:bee0_rd|count[0]'
Slack : -1.285
TNS   : -20.560

Type  : Slow 1200mV 85C Model Minimum Pulse Width 'datapath:bee0_data|writeEn'
Slack : 0.398
TNS   : 0.000

Type  : Slow 1200mV 85C Model Minimum Pulse Width 'CLOCK_50'
Slack : 9.554
TNS   : 0.000

Type  : Slow 1200mV 85C Model Minimum Pulse Width 'VGA|mypll|altpll_component|pll|clk[0]'
Slack : 19.709
TNS   : 0.000

Type  : Slow 1200mV 0C Model Setup 'CLOCK_50'
Slack : -7.216
TNS   : -614.889

Type  : Slow 1200mV 0C Model Setup 'datapath:bee0_data|writeEn'
Slack : -6.790
TNS   : -111.303

Type  : Slow 1200mV 0C Model Setup 'rate_divider:bee0_rd|count[0]'
Slack : -0.602
TNS   : -7.083

Type  : Slow 1200mV 0C Model Setup 'VGA|mypll|altpll_component|pll|clk[0]'
Slack : 33.786
TNS   : 0.000

Type  : Slow 1200mV 0C Model Hold 'rate_divider:bee0_rd|count[0]'
Slack : -0.816
TNS   : -8.589

Type  : Slow 1200mV 0C Model Hold 'CLOCK_50'
Slack : 0.339
TNS   : 0.000

Type  : Slow 1200mV 0C Model Hold 'VGA|mypll|altpll_component|pll|clk[0]'
Slack : 0.356
TNS   : 0.000

Type  : Slow 1200mV 0C Model Hold 'datapath:bee0_data|writeEn'
Slack : 0.625
TNS   : 0.000

Type  : Slow 1200mV 0C Model Minimum Pulse Width 'rate_divider:bee0_rd|count[0]'
Slack : -1.285
TNS   : -20.560

Type  : Slow 1200mV 0C Model Minimum Pulse Width 'datapath:bee0_data|writeEn'
Slack : 0.323
TNS   : 0.000

Type  : Slow 1200mV 0C Model Minimum Pulse Width 'CLOCK_50'
Slack : 9.560
TNS   : 0.000

Type  : Slow 1200mV 0C Model Minimum Pulse Width 'VGA|mypll|altpll_component|pll|clk[0]'
Slack : 19.712
TNS   : 0.000

Type  : Fast 1200mV 0C Model Setup 'CLOCK_50'
Slack : -4.017
TNS   : -307.929

Type  : Fast 1200mV 0C Model Setup 'datapath:bee0_data|writeEn'
Slack : -3.437
TNS   : -54.035

Type  : Fast 1200mV 0C Model Setup 'rate_divider:bee0_rd|count[0]'
Slack : -0.090
TNS   : -0.685

Type  : Fast 1200mV 0C Model Setup 'VGA|mypll|altpll_component|pll|clk[0]'
Slack : 36.688
TNS   : 0.000

Type  : Fast 1200mV 0C Model Hold 'rate_divider:bee0_rd|count[0]'
Slack : -0.264
TNS   : -1.487

Type  : Fast 1200mV 0C Model Hold 'datapath:bee0_data|writeEn'
Slack : -0.008
TNS   : -0.008

Type  : Fast 1200mV 0C Model Hold 'CLOCK_50'
Slack : 0.174
TNS   : 0.000

Type  : Fast 1200mV 0C Model Hold 'VGA|mypll|altpll_component|pll|clk[0]'
Slack : 0.183
TNS   : 0.000

Type  : Fast 1200mV 0C Model Minimum Pulse Width 'rate_divider:bee0_rd|count[0]'
Slack : -1.000
TNS   : -16.000

Type  : Fast 1200mV 0C Model Minimum Pulse Width 'datapath:bee0_data|writeEn'
Slack : 0.364
TNS   : 0.000

Type  : Fast 1200mV 0C Model Minimum Pulse Width 'CLOCK_50'
Slack : 9.201
TNS   : 0.000

Type  : Fast 1200mV 0C Model Minimum Pulse Width 'VGA|mypll|altpll_component|pll|clk[0]'
Slack : 19.754
TNS   : 0.000

------------------------------------------------------------
