------------------------------------------------------------
TimeQuest Timing Analyzer Summary
------------------------------------------------------------

Type  : Slow 1200mV 85C Model Setup 'CLOCK_50'
Slack : -8.507
TNS   : -917.430

Type  : Slow 1200mV 85C Model Setup 'datapath:bee0_data|writeEn'
Slack : -6.348
TNS   : -101.719

Type  : Slow 1200mV 85C Model Setup 'rate_divider:bee0_rd|count[0]'
Slack : -0.612
TNS   : -7.719

Type  : Slow 1200mV 85C Model Setup 'VGA|mypll|altpll_component|pll|clk[0]'
Slack : 32.738
TNS   : 0.000

Type  : Slow 1200mV 85C Model Hold 'rate_divider:bee0_rd|count[0]'
Slack : -1.389
TNS   : -24.800

Type  : Slow 1200mV 85C Model Hold 'CLOCK_50'
Slack : 0.384
TNS   : 0.000

Type  : Slow 1200mV 85C Model Hold 'VGA|mypll|altpll_component|pll|clk[0]'
Slack : 0.403
TNS   : 0.000

Type  : Slow 1200mV 85C Model Hold 'datapath:bee0_data|writeEn'
Slack : 0.638
TNS   : 0.000

Type  : Slow 1200mV 85C Model Minimum Pulse Width 'rate_divider:bee0_rd|count[0]'
Slack : -1.285
TNS   : -30.840

Type  : Slow 1200mV 85C Model Minimum Pulse Width 'datapath:bee0_data|writeEn'
Slack : 0.402
TNS   : 0.000

Type  : Slow 1200mV 85C Model Minimum Pulse Width 'CLOCK_50'
Slack : 9.547
TNS   : 0.000

Type  : Slow 1200mV 85C Model Minimum Pulse Width 'VGA|mypll|altpll_component|pll|clk[0]'
Slack : 19.709
TNS   : 0.000

Type  : Slow 1200mV 0C Model Setup 'CLOCK_50'
Slack : -7.648
TNS   : -825.423

Type  : Slow 1200mV 0C Model Setup 'datapath:bee0_data|writeEn'
Slack : -5.973
TNS   : -96.072

Type  : Slow 1200mV 0C Model Setup 'rate_divider:bee0_rd|count[0]'
Slack : -0.462
TNS   : -5.549

Type  : Slow 1200mV 0C Model Setup 'VGA|mypll|altpll_component|pll|clk[0]'
Slack : 33.425
TNS   : 0.000

Type  : Slow 1200mV 0C Model Hold 'rate_divider:bee0_rd|count[0]'
Slack : -1.342
TNS   : -23.331

Type  : Slow 1200mV 0C Model Hold 'CLOCK_50'
Slack : 0.337
TNS   : 0.000

Type  : Slow 1200mV 0C Model Hold 'VGA|mypll|altpll_component|pll|clk[0]'
Slack : 0.354
TNS   : 0.000

Type  : Slow 1200mV 0C Model Hold 'datapath:bee0_data|writeEn'
Slack : 0.637
TNS   : 0.000

Type  : Slow 1200mV 0C Model Minimum Pulse Width 'rate_divider:bee0_rd|count[0]'
Slack : -1.285
TNS   : -30.840

Type  : Slow 1200mV 0C Model Minimum Pulse Width 'datapath:bee0_data|writeEn'
Slack : 0.398
TNS   : 0.000

Type  : Slow 1200mV 0C Model Minimum Pulse Width 'CLOCK_50'
Slack : 9.557
TNS   : 0.000

Type  : Slow 1200mV 0C Model Minimum Pulse Width 'VGA|mypll|altpll_component|pll|clk[0]'
Slack : 19.710
TNS   : 0.000

Type  : Fast 1200mV 0C Model Setup 'CLOCK_50'
Slack : -4.283
TNS   : -410.482

Type  : Fast 1200mV 0C Model Setup 'datapath:bee0_data|writeEn'
Slack : -2.775
TNS   : -45.484

Type  : Fast 1200mV 0C Model Setup 'rate_divider:bee0_rd|count[0]'
Slack : 0.073
TNS   : 0.000

Type  : Fast 1200mV 0C Model Setup 'VGA|mypll|altpll_component|pll|clk[0]'
Slack : 36.416
TNS   : 0.000

Type  : Fast 1200mV 0C Model Hold 'rate_divider:bee0_rd|count[0]'
Slack : -0.526
TNS   : -7.907

Type  : Fast 1200mV 0C Model Hold 'datapath:bee0_data|writeEn'
Slack : 0.049
TNS   : 0.000

Type  : Fast 1200mV 0C Model Hold 'CLOCK_50'
Slack : 0.152
TNS   : 0.000

Type  : Fast 1200mV 0C Model Hold 'VGA|mypll|altpll_component|pll|clk[0]'
Slack : 0.181
TNS   : 0.000

Type  : Fast 1200mV 0C Model Minimum Pulse Width 'rate_divider:bee0_rd|count[0]'
Slack : -1.000
TNS   : -24.000

Type  : Fast 1200mV 0C Model Minimum Pulse Width 'datapath:bee0_data|writeEn'
Slack : 0.212
TNS   : 0.000

Type  : Fast 1200mV 0C Model Minimum Pulse Width 'CLOCK_50'
Slack : 9.200
TNS   : 0.000

Type  : Fast 1200mV 0C Model Minimum Pulse Width 'VGA|mypll|altpll_component|pll|clk[0]'
Slack : 19.754
TNS   : 0.000

------------------------------------------------------------
